≡ƒöì Testing UploadThing setup...

Γ£à UPLOADTHING_TOKEN is set
Γ£à UploadThing endpoint responded (status: 500)

ΓÜá∩╕Å Could not login (maybe admin not seeded yet). Skipping DB test.
   Run 'bun run seed' first to create an admin account.

Γ£¿ UploadThing test complete!
